
  .   ____          _            __ _ _
 /\\ / ___'_ __ _ _(_)_ __  __ _ \ \ \ \
( ( )\___ | '_ | '_| | '_ \/ _` | \ \ \ \
 \\/  ___)| |_)| | | | | || (_| |  ) ) ) )
  '  |____| .__|_| |_|_| |_\__, | / / / /
 =========|_|==============|___/=/_/_/_/

 :: Spring Boot ::               (v3.5.16)

2026-09-14T08:57:19.362-03:00  INFO 20112 --- [educacao-gamificada] [           main] b.c.e.g.EducacaoGamificadaApplication    : Starting EducacaoGamificadaApplication v0.0.1-SNAPSHOT using Java 17.0.12 with PID 20112 (C:\Users\Gustavo\Downloads\educacao-gamificada-primeiros-commits\educacao-gamificada-primeiros-commits\projeto-git\target\educacao-gamificada-0.0.1-SNAPSHOT.jar started by Gustavo in C:\Users\Gustavo\Downloads\educacao-gamificada-primeiros-commits\educacao-gamificada-primeiros-commits\projeto-git)
2026-09-14T08:57:19.367-03:00  INFO 20112 --- [educacao-gamificada] [           main] b.c.e.g.EducacaoGamificadaApplication    : No active profile set, falling back to 1 default profile: "h2"
2026-09-14T08:57:20.253-03:00  INFO 20112 --- [educacao-gamificada] [           main] .s.d.r.c.RepositoryConfigurationDelegate : Bootstrapping Spring Data JPA repositories in DEFAULT mode.
2026-09-14T08:57:20.315-03:00  INFO 20112 --- [educacao-gamificada] [           main] .s.d.r.c.RepositoryConfigurationDelegate : Finished Spring Data repository scanning in 48 ms. Found 2 JPA repository interfaces.
2026-09-14T08:57:20.859-03:00  INFO 20112 --- [educacao-gamificada] [           main] o.s.b.w.embedded.tomcat.TomcatWebServer  : Tomcat initialized with port 8080 (http)
2026-09-14T08:57:20.875-03:00  INFO 20112 --- [educacao-gamificada] [           main] o.apache.catalina.core.StandardService   : Starting service [Tomcat]
2026-09-14T08:57:20.876-03:00  INFO 20112 --- [educacao-gamificada] [           main] o.apache.catalina.core.StandardEngine    : Starting Servlet engine: [Apache Tomcat/10.1.55]
2026-09-14T08:57:20.916-03:00  INFO 20112 --- [educacao-gamificada] [           main] o.a.c.c.C.[Tomcat].[localhost].[/]       : Initializing Spring embedded WebApplicationContext
2026-09-14T08:57:20.918-03:00  INFO 20112 --- [educacao-gamificada] [           main] w.s.c.ServletWebServerApplicationContext : Root WebApplicationContext: initialization completed in 1500 ms
2026-09-14T08:57:21.095-03:00  INFO 20112 --- [educacao-gamificada] [           main] o.hibernate.jpa.internal.util.LogHelper  : HHH000204: Processing PersistenceUnitInfo [name: default]
2026-09-14T08:57:21.177-03:00  INFO 20112 --- [educacao-gamificada] [           main] org.hibernate.Version                    : HHH000412: Hibernate ORM core version 6.6.53.Final
2026-09-14T08:57:21.226-03:00  INFO 20112 --- [educacao-gamificada] [           main] o.h.c.internal.RegionFactoryInitiator    : HHH000026: Second-level cache disabled
2026-09-14T08:57:21.648-03:00  INFO 20112 --- [educacao-gamificada] [           main] o.s.o.j.p.SpringPersistenceUnitInfo      : No LoadTimeWeaver setup: ignoring JPA class transformer
2026-09-14T08:57:21.699-03:00  INFO 20112 --- [educacao-gamificada] [           main] com.zaxxer.hikari.HikariDataSource       : HikariPool-1 - Starting...
2026-09-14T08:57:21.952-03:00  INFO 20112 --- [educacao-gamificada] [           main] com.zaxxer.hikari.pool.HikariPool        : HikariPool-1 - Added connection conn0: url=jdbc:h2:mem:educacao user=SA
2026-09-14T08:57:21.956-03:00  INFO 20112 --- [educacao-gamificada] [           main] com.zaxxer.hikari.HikariDataSource       : HikariPool-1 - Start completed.
2026-09-14T08:57:22.038-03:00  INFO 20112 --- [educacao-gamificada] [           main] org.hibernate.orm.connections.pooling    : HHH10001005: Database info:
	Database JDBC URL [Connecting through datasource 'HikariDataSource (HikariPool-1)']
	Database driver: undefined/unknown
	Database version: 2.3.232
	Autocommit mode: undefined/unknown
	Isolation level: undefined/unknown
	Minimum pool size: undefined/unknown
	Maximum pool size: undefined/unknown
2026-09-14T08:57:23.044-03:00  INFO 20112 --- [educacao-gamificada] [           main] o.h.e.t.j.p.i.JtaPlatformInitiator       : HHH000489: No JTA platform available (set 'hibernate.transaction.jta.platform' to enable JTA platform integration)
2026-09-14T08:57:23.112-03:00  INFO 20112 --- [educacao-gamificada] [           main] j.LocalContainerEntityManagerFactoryBean : Initialized JPA EntityManagerFactory for persistence unit 'default'
2026-09-14T08:57:23.475-03:00  INFO 20112 --- [educacao-gamificada] [           main] o.s.d.j.r.query.QueryEnhancerFactory     : Hibernate is in classpath; If applicable, HQL parser will be used.
2026-09-14T08:57:24.665-03:00  INFO 20112 --- [educacao-gamificada] [           main] o.s.b.a.h2.H2ConsoleAutoConfiguration    : H2 console available at '/h2-console'. Database available at 'jdbc:h2:mem:educacao'
2026-09-14T08:57:24.764-03:00  INFO 20112 --- [educacao-gamificada] [           main] o.s.b.w.embedded.tomcat.TomcatWebServer  : Tomcat started on port 8080 (http) with context path '/'
2026-09-14T08:57:24.783-03:00  INFO 20112 --- [educacao-gamificada] [           main] b.c.e.g.EducacaoGamificadaApplication    : Started EducacaoGamificadaApplication in 6.037 seconds (process running for 6.61)
2026-09-14T08:58:53.553-03:00  INFO 20112 --- [educacao-gamificada] [nio-8080-exec-1] o.a.c.c.C.[Tomcat].[localhost].[/]       : Initializing Spring DispatcherServlet 'dispatcherServlet'
2026-09-14T08:58:53.554-03:00  INFO 20112 --- [educacao-gamificada] [nio-8080-exec-1] o.s.web.servlet.DispatcherServlet        : Initializing Servlet 'dispatcherServlet'
2026-09-14T08:58:53.556-03:00  INFO 20112 --- [educacao-gamificada] [nio-8080-exec-1] o.s.web.servlet.DispatcherServlet        : Completed initialization in 1 ms
