[INFO] Scanning for projects...
[INFO] 
[INFO] ----------------< br.com.educacao:educacao-gamificada >-----------------
[INFO] Building educacao-gamificada 0.0.1-SNAPSHOT
[INFO]   from pom.xml
[INFO] --------------------------------[ jar ]---------------------------------
[INFO] 
[INFO] --- jacoco:0.8.13:prepare-agent (instrumentar-testes) @ educacao-gamificada ---
[INFO] argLine set to -javaagent:C:\\Users\\Gustavo\\.m2\\repository\\org\\jacoco\\org.jacoco.agent\\0.8.13\\org.jacoco.agent-0.8.13-runtime.jar=destfile=C:\\Users\\Gustavo\\Downloads\\educacao-gamificada-primeiros-commits\\educacao-gamificada-primeiros-commits\\projeto-git\\target\\jacoco.exec
[INFO] 
[INFO] --- resources:3.3.1:resources (default-resources) @ educacao-gamificada ---
[INFO] Copying 3 resources from src\main\resources to target\classes
[INFO] Copying 0 resource from src\main\resources to target\classes
[INFO] 
[INFO] --- compiler:3.14.1:compile (default-compile) @ educacao-gamificada ---
[INFO] Nothing to compile - all classes are up to date.
[INFO] 
[INFO] --- resources:3.3.1:testResources (default-testResources) @ educacao-gamificada ---
[INFO] Copying 1 resource from src\test\resources to target\test-classes
[INFO] 
[INFO] --- compiler:3.14.1:testCompile (default-testCompile) @ educacao-gamificada ---
[INFO] Recompiling the module because of changed source code.
[INFO] Compiling 7 source files with javac [debug parameters release 17] to target\test-classes
[INFO] 
[INFO] --- surefire:3.5.6:test (default-test) @ educacao-gamificada ---
[INFO] Using auto detected provider org.apache.maven.surefire.junitplatform.JUnitPlatformProvider
[INFO] 
[INFO] -------------------------------------------------------
[INFO]  T E S T S
[INFO] -------------------------------------------------------
[INFO] Running br.com.educacao.gamificada.controller.RecompensaAceitacaoTest
08:58:15.530 [main] INFO org.springframework.test.context.support.AnnotationConfigContextLoaderUtils -- Could not detect default configuration classes for test class [br.com.educacao.gamificada.controller.RecompensaAceitacaoTest]: RecompensaAceitacaoTest does not declare any static, non-private, non-final, nested classes annotated with @Configuration.
08:58:15.814 [main] INFO org.springframework.boot.test.context.SpringBootTestContextBootstrapper -- Found @SpringBootConfiguration br.com.educacao.gamificada.EducacaoGamificadaApplication for test class br.com.educacao.gamificada.controller.RecompensaAceitacaoTest

  .   ____          _            __ _ _
 /\\ / ___'_ __ _ _(_)_ __  __ _ \ \ \ \
( ( )\___ | '_ | '_| | '_ \/ _` | \ \ \ \
 \\/  ___)| |_)| | | | | || (_| |  ) ) ) )
  '  |____| .__|_| |_|_| |_\__, | / / / /
 =========|_|==============|___/=/_/_/_/

 :: Spring Boot ::               (v3.5.16)

2026-09-14T08:58:16.586-03:00  INFO 9032 --- [educacao-gamificada] [           main] b.c.e.g.c.RecompensaAceitacaoTest        : Starting RecompensaAceitacaoTest using Java 17.0.12 with PID 9032 (started by Gustavo in C:\Users\Gustavo\Downloads\educacao-gamificada-primeiros-commits\educacao-gamificada-primeiros-commits\projeto-git)
2026-09-14T08:58:16.588-03:00  INFO 9032 --- [educacao-gamificada] [           main] b.c.e.g.c.RecompensaAceitacaoTest        : The following 1 profile is active: "test"
2026-09-14T08:58:17.788-03:00  INFO 9032 --- [educacao-gamificada] [           main] .s.d.r.c.RepositoryConfigurationDelegate : Bootstrapping Spring Data JPA repositories in DEFAULT mode.
2026-09-14T08:58:17.892-03:00  INFO 9032 --- [educacao-gamificada] [           main] .s.d.r.c.RepositoryConfigurationDelegate : Finished Spring Data repository scanning in 86 ms. Found 2 JPA repository interfaces.
2026-09-14T08:58:18.571-03:00  INFO 9032 --- [educacao-gamificada] [           main] o.hibernate.jpa.internal.util.LogHelper  : HHH000204: Processing PersistenceUnitInfo [name: default]
2026-09-14T08:58:18.674-03:00  INFO 9032 --- [educacao-gamificada] [           main] org.hibernate.Version                    : HHH000412: Hibernate ORM core version 6.6.53.Final
2026-09-14T08:58:18.737-03:00  INFO 9032 --- [educacao-gamificada] [           main] o.h.c.internal.RegionFactoryInitiator    : HHH000026: Second-level cache disabled
2026-09-14T08:58:19.312-03:00  INFO 9032 --- [educacao-gamificada] [           main] o.s.o.j.p.SpringPersistenceUnitInfo      : No LoadTimeWeaver setup: ignoring JPA class transformer
2026-09-14T08:58:19.374-03:00  INFO 9032 --- [educacao-gamificada] [           main] com.zaxxer.hikari.HikariDataSource       : HikariPool-1 - Starting...
2026-09-14T08:58:19.870-03:00  INFO 9032 --- [educacao-gamificada] [           main] com.zaxxer.hikari.pool.HikariPool        : HikariPool-1 - Added connection conn0: url=jdbc:h2:mem:educacao_testes user=SA
2026-09-14T08:58:19.874-03:00  INFO 9032 --- [educacao-gamificada] [           main] com.zaxxer.hikari.HikariDataSource       : HikariPool-1 - Start completed.
2026-09-14T08:58:20.012-03:00  INFO 9032 --- [educacao-gamificada] [           main] org.hibernate.orm.connections.pooling    : HHH10001005: Database info:
	Database JDBC URL [Connecting through datasource 'HikariDataSource (HikariPool-1)']
	Database driver: undefined/unknown
	Database version: 2.3.232
	Autocommit mode: undefined/unknown
	Isolation level: undefined/unknown
	Minimum pool size: undefined/unknown
	Maximum pool size: undefined/unknown
2026-09-14T08:58:21.557-03:00  INFO 9032 --- [educacao-gamificada] [           main] o.h.e.t.j.p.i.JtaPlatformInitiator       : HHH000489: No JTA platform available (set 'hibernate.transaction.jta.platform' to enable JTA platform integration)
2026-09-14T08:58:21.640-03:00  INFO 9032 --- [educacao-gamificada] [           main] j.LocalContainerEntityManagerFactoryBean : Initialized JPA EntityManagerFactory for persistence unit 'default'
2026-09-14T08:58:21.994-03:00  INFO 9032 --- [educacao-gamificada] [           main] o.s.d.j.r.query.QueryEnhancerFactory     : Hibernate is in classpath; If applicable, HQL parser will be used.
2026-09-14T08:58:23.694-03:00  INFO 9032 --- [educacao-gamificada] [           main] o.s.b.t.m.w.SpringBootMockServletContext : Initializing Spring TestDispatcherServlet ''
2026-09-14T08:58:23.695-03:00  INFO 9032 --- [educacao-gamificada] [           main] o.s.t.web.servlet.TestDispatcherServlet  : Initializing Servlet ''
2026-09-14T08:58:23.697-03:00  INFO 9032 --- [educacao-gamificada] [           main] o.s.t.web.servlet.TestDispatcherServlet  : Completed initialization in 1 ms
2026-09-14T08:58:23.736-03:00  INFO 9032 --- [educacao-gamificada] [           main] b.c.e.g.c.RecompensaAceitacaoTest        : Started RecompensaAceitacaoTest in 7.648 seconds (process running for 9.342)
Java HotSpot(TM) 64-Bit Server VM warning: Sharing is only supported for boot loader classes because bootstrap classpath has been appended

MockHttpServletRequest:
      HTTP Method = GET
      Request URI = /api/alunos/99999999/recompensas
       Parameters = {}
          Headers = []
             Body = null
    Session Attrs = {}

Handler:
             Type = org.springframework.web.servlet.resource.ResourceHttpRequestHandler

Async:
    Async started = false
     Async result = null

Resolved Exception:
             Type = org.springframework.web.servlet.resource.NoResourceFoundException

ModelAndView:
        View name = null
             View = null
            Model = null

FlashMap:
       Attributes = null

MockHttpServletResponse:
           Status = 404
    Error message = null
          Headers = [Vary:"Origin", "Access-Control-Request-Method", "Access-Control-Request-Headers", Content-Type:"application/problem+json"]
     Content type = application/problem+json
             Body = {"type":"about:blank","title":"Not Found","status":404,"detail":"No static resource api/alunos/99999999/recompensas.","instance":"/api/alunos/99999999/recompensas"}
    Forwarded URL = null
   Redirected URL = null
          Cookies = []

MockHttpServletRequest:
      HTTP Method = GET
      Request URI = /api/alunos/1/recompensas
       Parameters = {}
          Headers = []
             Body = null
    Session Attrs = {}

Handler:
             Type = org.springframework.web.servlet.resource.ResourceHttpRequestHandler

Async:
    Async started = false
     Async result = null

Resolved Exception:
             Type = org.springframework.web.servlet.resource.NoResourceFoundException

ModelAndView:
        View name = null
             View = null
            Model = null

FlashMap:
       Attributes = null

MockHttpServletResponse:
           Status = 404
    Error message = null
          Headers = [Vary:"Origin", "Access-Control-Request-Method", "Access-Control-Request-Headers", Content-Type:"application/problem+json"]
     Content type = application/problem+json
             Body = {"type":"about:blank","title":"Not Found","status":404,"detail":"No static resource api/alunos/1/recompensas.","instance":"/api/alunos/1/recompensas"}
    Forwarded URL = null
   Redirected URL = null
          Cookies = []
[ERROR] Tests run: 2, Failures: 2, Errors: 0, Skipped: 0, Time elapsed: 9.242 s <<< FAILURE! -- in br.com.educacao.gamificada.controller.RecompensaAceitacaoTest
[ERROR] br.com.educacao.gamificada.controller.RecompensaAceitacaoTest.deveRejeitarConsultaOuEventoParaAlunoInexistente -- Time elapsed: 0.539 s <<< FAILURE!
org.opentest4j.AssertionFailedError: Expected org.springframework.web.server.ResponseStatusException to be thrown, but nothing was thrown.
	at org.junit.jupiter.api.AssertionFailureBuilder.build(AssertionFailureBuilder.java:152)
	at org.junit.jupiter.api.AssertThrows.assertThrows(AssertThrows.java:73)
	at org.junit.jupiter.api.AssertThrows.assertThrows(AssertThrows.java:35)
	at org.junit.jupiter.api.Assertions.assertThrows(Assertions.java:3128)
	at br.com.educacao.gamificada.controller.RecompensaAceitacaoTest.deveRejeitarConsultaOuEventoParaAlunoInexistente(RecompensaAceitacaoTest.java:50)
	at java.base/java.lang.reflect.Method.invoke(Method.java:568)
	at java.base/java.util.ArrayList.forEach(ArrayList.java:1511)
	at java.base/java.util.ArrayList.forEach(ArrayList.java:1511)

[ERROR] br.com.educacao.gamificada.controller.RecompensaAceitacaoTest.bddUS02HistoricoRegistraOrigemDosDepositosUmaUnicaVez -- Time elapsed: 0.173 s <<< FAILURE!
java.lang.AssertionError: Status expected:<200> but was:<404>
	at org.springframework.test.util.AssertionErrors.fail(AssertionErrors.java:61)
	at org.springframework.test.util.AssertionErrors.assertEquals(AssertionErrors.java:128)
	at org.springframework.test.web.servlet.result.StatusResultMatchers.lambda$matcher$9(StatusResultMatchers.java:640)
	at org.springframework.test.web.servlet.MockMvc$1.andExpect(MockMvc.java:214)
	at br.com.educacao.gamificada.controller.RecompensaAceitacaoTest.bddUS02HistoricoRegistraOrigemDosDepositosUmaUnicaVez(RecompensaAceitacaoTest.java:31)
	at java.base/java.lang.reflect.Method.invoke(Method.java:568)
	at java.base/java.util.ArrayList.forEach(ArrayList.java:1511)
	at java.base/java.util.ArrayList.forEach(ArrayList.java:1511)

[INFO] 
[INFO] Results:
[INFO] 
[ERROR] Failures: 
[ERROR]   RecompensaAceitacaoTest.bddUS02HistoricoRegistraOrigemDosDepositosUmaUnicaVez:31 Status expected:<200> but was:<404>
[ERROR]   RecompensaAceitacaoTest.deveRejeitarConsultaOuEventoParaAlunoInexistente:50 Expected org.springframework.web.server.ResponseStatusException to be thrown, but nothing was thrown.
[INFO] 
[ERROR] Tests run: 2, Failures: 2, Errors: 0, Skipped: 0
[INFO] 
[INFO] ------------------------------------------------------------------------
[INFO] BUILD FAILURE
[INFO] ------------------------------------------------------------------------
[INFO] Total time:  13.803 s
[INFO] Finished at: 2026-09-14T08:58:24-03:00
[INFO] ------------------------------------------------------------------------
[ERROR] Failed to execute goal org.apache.maven.plugins:maven-surefire-plugin:3.5.6:test (default-test) on project educacao-gamificada: There are test failures.
[ERROR] 
[ERROR] See C:\Users\Gustavo\Downloads\educacao-gamificada-primeiros-commits\educacao-gamificada-primeiros-commits\projeto-git\target\surefire-reports for the individual test results.
[ERROR] See dump files (if any exist) [date].dump, [date]-jvmRun[N].dump and [date].dumpstream.
[ERROR] -> [Help 1]
[ERROR] 
[ERROR] To see the full stack trace of the errors, re-run Maven with the -e switch.
[ERROR] Re-run Maven using the -X switch to enable full debug logging.
[ERROR] 
[ERROR] For more information about the errors and possible solutions, please read the following articles:
[ERROR] [Help 1] http://cwiki.apache.org/confluence/display/MAVEN/MojoFailureException
