[INFO] Scanning for projects...
[INFO] 
[INFO] ----------------< br.com.educacao:educacao-gamificada >-----------------
[INFO] Building educacao-gamificada 0.0.1-SNAPSHOT
[INFO]   from pom.xml
[INFO] --------------------------------[ jar ]---------------------------------
[INFO] 
[INFO] --- jacoco:0.8.13:prepare-agent (instrumentar-testes) @ educacao-gamificada ---
[INFO] argLine set to -javaagent:C:\\Users\\Gustavo\\.m2\\repository\\org\\jacoco\\org.jacoco.agent\\0.8.13\\org.jacoco.agent-0.8.13-runtime.jar=destfile=C:\\Users\\Gustavo\\Downloads\\educacao-gamificada-primeiros-commits\\educacao-gamificada-primeiros-commits\\projeto-git\\target\\jacoco.exec
[INFO] 
[INFO] --- resources:3.3.1:resources (default-resources) @ educacao-gamificada ---
[INFO] Copying 3 resources from src\main\resources to target\classes
[INFO] Copying 0 resource from src\main\resources to target\classes
[INFO] 
[INFO] --- compiler:3.14.1:compile (default-compile) @ educacao-gamificada ---
[INFO] Nothing to compile - all classes are up to date.
[INFO] 
[INFO] --- resources:3.3.1:testResources (default-testResources) @ educacao-gamificada ---
[INFO] Copying 1 resource from src\test\resources to target\test-classes
[INFO] 
[INFO] --- compiler:3.14.1:testCompile (default-testCompile) @ educacao-gamificada ---
[INFO] Recompiling the module because of changed source code.
[INFO] Compiling 5 source files with javac [debug parameters release 17] to target\test-classes
[INFO] 
[INFO] --- surefire:3.5.6:test (default-test) @ educacao-gamificada ---
[INFO] Using auto detected provider org.apache.maven.surefire.junitplatform.JUnitPlatformProvider
[INFO] 
[INFO] -------------------------------------------------------
[INFO]  T E S T S
[INFO] -------------------------------------------------------
[INFO] Running br.com.educacao.gamificada.controller.AlunoControllerTest
08:53:15.414 [main] INFO org.springframework.test.context.support.AnnotationConfigContextLoaderUtils -- Could not detect default configuration classes for test class [br.com.educacao.gamificada.controller.AlunoControllerTest]: AlunoControllerTest does not declare any static, non-private, non-final, nested classes annotated with @Configuration.
08:53:15.694 [main] INFO org.springframework.boot.test.context.SpringBootTestContextBootstrapper -- Found @SpringBootConfiguration br.com.educacao.gamificada.EducacaoGamificadaApplication for test class br.com.educacao.gamificada.controller.AlunoControllerTest

  .   ____          _            __ _ _
 /\\ / ___'_ __ _ _(_)_ __  __ _ \ \ \ \
( ( )\___ | '_ | '_| | '_ \/ _` | \ \ \ \
 \\/  ___)| |_)| | | | | || (_| |  ) ) ) )
  '  |____| .__|_| |_|_| |_\__, | / / / /
 =========|_|==============|___/=/_/_/_/

 :: Spring Boot ::               (v3.5.16)

2026-09-14T08:53:16.508-03:00  INFO 14928 --- [educacao-gamificada] [           main] b.c.e.g.controller.AlunoControllerTest   : Starting AlunoControllerTest using Java 17.0.12 with PID 14928 (started by Gustavo in C:\Users\Gustavo\Downloads\educacao-gamificada-primeiros-commits\educacao-gamificada-primeiros-commits\projeto-git)
2026-09-14T08:53:16.509-03:00  INFO 14928 --- [educacao-gamificada] [           main] b.c.e.g.controller.AlunoControllerTest   : The following 1 profile is active: "test"
2026-09-14T08:53:17.704-03:00  INFO 14928 --- [educacao-gamificada] [           main] .s.d.r.c.RepositoryConfigurationDelegate : Bootstrapping Spring Data JPA repositories in DEFAULT mode.
2026-09-14T08:53:17.800-03:00  INFO 14928 --- [educacao-gamificada] [           main] .s.d.r.c.RepositoryConfigurationDelegate : Finished Spring Data repository scanning in 77 ms. Found 2 JPA repository interfaces.
2026-09-14T08:53:18.440-03:00  INFO 14928 --- [educacao-gamificada] [           main] o.hibernate.jpa.internal.util.LogHelper  : HHH000204: Processing PersistenceUnitInfo [name: default]
2026-09-14T08:53:18.563-03:00  INFO 14928 --- [educacao-gamificada] [           main] org.hibernate.Version                    : HHH000412: Hibernate ORM core version 6.6.53.Final
2026-09-14T08:53:18.631-03:00  INFO 14928 --- [educacao-gamificada] [           main] o.h.c.internal.RegionFactoryInitiator    : HHH000026: Second-level cache disabled
2026-09-14T08:53:19.264-03:00  INFO 14928 --- [educacao-gamificada] [           main] o.s.o.j.p.SpringPersistenceUnitInfo      : No LoadTimeWeaver setup: ignoring JPA class transformer
2026-09-14T08:53:19.329-03:00  INFO 14928 --- [educacao-gamificada] [           main] com.zaxxer.hikari.HikariDataSource       : HikariPool-1 - Starting...
2026-09-14T08:53:19.858-03:00  INFO 14928 --- [educacao-gamificada] [           main] com.zaxxer.hikari.pool.HikariPool        : HikariPool-1 - Added connection conn0: url=jdbc:h2:mem:educacao_testes user=SA
2026-09-14T08:53:19.860-03:00  INFO 14928 --- [educacao-gamificada] [           main] com.zaxxer.hikari.HikariDataSource       : HikariPool-1 - Start completed.
2026-09-14T08:53:20.007-03:00  INFO 14928 --- [educacao-gamificada] [           main] org.hibernate.orm.connections.pooling    : HHH10001005: Database info:
	Database JDBC URL [Connecting through datasource 'HikariDataSource (HikariPool-1)']
	Database driver: undefined/unknown
	Database version: 2.3.232
	Autocommit mode: undefined/unknown
	Isolation level: undefined/unknown
	Minimum pool size: undefined/unknown
	Maximum pool size: undefined/unknown
2026-09-14T08:53:21.648-03:00  INFO 14928 --- [educacao-gamificada] [           main] o.h.e.t.j.p.i.JtaPlatformInitiator       : HHH000489: No JTA platform available (set 'hibernate.transaction.jta.platform' to enable JTA platform integration)
2026-09-14T08:53:21.753-03:00  INFO 14928 --- [educacao-gamificada] [           main] j.LocalContainerEntityManagerFactoryBean : Initialized JPA EntityManagerFactory for persistence unit 'default'
2026-09-14T08:53:22.161-03:00  INFO 14928 --- [educacao-gamificada] [           main] o.s.d.j.r.query.QueryEnhancerFactory     : Hibernate is in classpath; If applicable, HQL parser will be used.
2026-09-14T08:53:24.077-03:00  INFO 14928 --- [educacao-gamificada] [           main] o.s.b.t.m.w.SpringBootMockServletContext : Initializing Spring TestDispatcherServlet ''
2026-09-14T08:53:24.078-03:00  INFO 14928 --- [educacao-gamificada] [           main] o.s.t.web.servlet.TestDispatcherServlet  : Initializing Servlet ''
2026-09-14T08:53:24.080-03:00  INFO 14928 --- [educacao-gamificada] [           main] o.s.t.web.servlet.TestDispatcherServlet  : Completed initialization in 1 ms
2026-09-14T08:53:24.124-03:00  INFO 14928 --- [educacao-gamificada] [           main] b.c.e.g.controller.AlunoControllerTest   : Started AlunoControllerTest in 8.136 seconds (process running for 9.887)
Java HotSpot(TM) 64-Bit Server VM warning: Sharing is only supported for boot loader classes because bootstrap classpath has been appended
2026-09-14T08:53:25.221-03:00  INFO 14928 --- [educacao-gamificada] [           main] o.springdoc.api.AbstractOpenApiResource  : Init duration for springdoc-openapi is: 423 ms

MockHttpServletRequest:
      HTTP Method = POST
      Request URI = /api/alunos
       Parameters = {}
          Headers = [Content-Type:"application/json;charset=UTF-8", Content-Length:"18"]
             Body = {"nome":"Gustavo"}
    Session Attrs = {}

Handler:
             Type = br.com.educacao.gamificada.controller.AlunoController
           Method = br.com.educacao.gamificada.controller.AlunoController#criar(CriarAlunoRequest)

Async:
    Async started = false
     Async result = null

Resolved Exception:
             Type = null

ModelAndView:
        View name = null
             View = null
            Model = null

FlashMap:
       Attributes = null

MockHttpServletResponse:
           Status = 201
    Error message = null
          Headers = [Location:"/api/alunos/12", Content-Type:"application/json"]
     Content type = application/json
             Body = {"id":12,"nome":"Gustavo","plano":"BASICO","cursosConcluidos":0}
    Forwarded URL = null
   Redirected URL = /api/alunos/12
          Cookies = []

MockHttpServletRequest:
      HTTP Method = GET
      Request URI = /api/alunos/12
       Parameters = {}
          Headers = []
             Body = null
    Session Attrs = {}

Handler:
             Type = br.com.educacao.gamificada.controller.AlunoController
           Method = br.com.educacao.gamificada.controller.AlunoController#buscar(Long)

Async:
    Async started = false
     Async result = null

Resolved Exception:
             Type = null

ModelAndView:
        View name = null
             View = null
            Model = null

FlashMap:
       Attributes = null

MockHttpServletResponse:
           Status = 200
    Error message = null
          Headers = [Content-Type:"application/json"]
     Content type = application/json
             Body = {"id":12,"nome":"Gustavo","plano":"BASICO","cursosConcluidos":0}
    Forwarded URL = null
   Redirected URL = null
          Cookies = []
[ERROR] Tests run: 15, Failures: 1, Errors: 0, Skipped: 0, Time elapsed: 11.30 s <<< FAILURE! -- in br.com.educacao.gamificada.controller.AlunoControllerTest
[ERROR] br.com.educacao.gamificada.controller.AlunoControllerTest.bddUS02DevePersistirUmaRecompensaMesmoAposNovoCursoEDuplicata -- Time elapsed: 0.028 s <<< FAILURE!
java.lang.AssertionError: No value at JSON path "$.vouchers"
	at org.springframework.test.util.JsonPathExpectationsHelper.evaluateJsonPath(JsonPathExpectationsHelper.java:351)
	at org.springframework.test.util.JsonPathExpectationsHelper.assertValue(JsonPathExpectationsHelper.java:148)
	at org.springframework.test.web.servlet.result.JsonPathResultMatchers.lambda$value$2(JsonPathResultMatchers.java:112)
	at org.springframework.test.web.servlet.MockMvc$1.andExpect(MockMvc.java:214)
	at br.com.educacao.gamificada.controller.AlunoControllerTest.bddUS02DevePersistirUmaRecompensaMesmoAposNovoCursoEDuplicata(AlunoControllerTest.java:176)
	at java.base/java.lang.reflect.Method.invoke(Method.java:568)
	at java.base/java.util.ArrayList.forEach(ArrayList.java:1511)
	at java.base/java.util.ArrayList.forEach(ArrayList.java:1511)
Caused by: com.jayway.jsonpath.PathNotFoundException: No results for path: $['vouchers']

[INFO] Running br.com.educacao.gamificada.domaintest.AlunoPremiumTest
[ERROR] Tests run: 5, Failures: 4, Errors: 0, Skipped: 0, Time elapsed: 0.011 s <<< FAILURE! -- in br.com.educacao.gamificada.domaintest.AlunoPremiumTest
[ERROR] br.com.educacao.gamificada.domaintest.AlunoPremiumTest.deveReceberTresMoedasAoVirarPremium -- Time elapsed: 0.004 s <<< FAILURE!
org.opentest4j.AssertionFailedError: expected: <3> but was: <0>
	at org.junit.jupiter.api.AssertionFailureBuilder.build(AssertionFailureBuilder.java:151)
	at org.junit.jupiter.api.AssertionFailureBuilder.buildAndThrow(AssertionFailureBuilder.java:132)
	at org.junit.jupiter.api.AssertEquals.failNotEqual(AssertEquals.java:197)
	at org.junit.jupiter.api.AssertEquals.assertEquals(AssertEquals.java:150)
	at org.junit.jupiter.api.AssertEquals.assertEquals(AssertEquals.java:145)
	at org.junit.jupiter.api.Assertions.assertEquals(Assertions.java:531)
	at br.com.educacao.gamificada.domaintest.AlunoPremiumTest.deveReceberTresMoedasAoVirarPremium(AlunoPremiumTest.java:22)
	at java.base/java.lang.reflect.Method.invoke(Method.java:568)
	at java.base/java.util.ArrayList.forEach(ArrayList.java:1511)
	at java.base/java.util.ArrayList.forEach(ArrayList.java:1511)

[ERROR] br.com.educacao.gamificada.domaintest.AlunoPremiumTest.deveConcederRecompensasNaPromocaoEManterAposOutroCurso -- Time elapsed: 0.002 s <<< FAILURE!
org.opentest4j.AssertionFailedError: expected: <1> but was: <0>
	at org.junit.jupiter.api.AssertionFailureBuilder.build(AssertionFailureBuilder.java:151)
	at org.junit.jupiter.api.AssertionFailureBuilder.buildAndThrow(AssertionFailureBuilder.java:132)
	at org.junit.jupiter.api.AssertEquals.failNotEqual(AssertEquals.java:197)
	at org.junit.jupiter.api.AssertEquals.assertEquals(AssertEquals.java:150)
	at org.junit.jupiter.api.AssertEquals.assertEquals(AssertEquals.java:145)
	at org.junit.jupiter.api.Assertions.assertEquals(Assertions.java:531)
	at br.com.educacao.gamificada.domaintest.AlunoPremiumTest.deveConcederRecompensasNaPromocaoEManterAposOutroCurso(AlunoPremiumTest.java:39)
	at java.base/java.lang.reflect.Method.invoke(Method.java:568)
	at java.base/java.util.ArrayList.forEach(ArrayList.java:1511)
	at java.base/java.util.ArrayList.forEach(ArrayList.java:1511)

[ERROR] br.com.educacao.gamificada.domaintest.AlunoPremiumTest.naoDeveReceberRecompensaDuasVezes -- Time elapsed: 0.001 s <<< FAILURE!
org.opentest4j.AssertionFailedError: expected: <1> but was: <0>
	at org.junit.jupiter.api.AssertionFailureBuilder.build(AssertionFailureBuilder.java:151)
	at org.junit.jupiter.api.AssertionFailureBuilder.buildAndThrow(AssertionFailureBuilder.java:132)
	at org.junit.jupiter.api.AssertEquals.failNotEqual(AssertEquals.java:197)
	at org.junit.jupiter.api.AssertEquals.assertEquals(AssertEquals.java:150)
	at org.junit.jupiter.api.AssertEquals.assertEquals(AssertEquals.java:145)
	at org.junit.jupiter.api.Assertions.assertEquals(Assertions.java:531)
	at br.com.educacao.gamificada.domaintest.AlunoPremiumTest.naoDeveReceberRecompensaDuasVezes(AlunoPremiumTest.java:32)
	at java.base/java.lang.reflect.Method.invoke(Method.java:568)
	at java.base/java.util.ArrayList.forEach(ArrayList.java:1511)
	at java.base/java.util.ArrayList.forEach(ArrayList.java:1511)

[ERROR] br.com.educacao.gamificada.domaintest.AlunoPremiumTest.deveReceberUmVoucherAoVirarPremium -- Time elapsed: 0.001 s <<< FAILURE!
org.opentest4j.AssertionFailedError: expected: <1> but was: <0>
	at org.junit.jupiter.api.AssertionFailureBuilder.build(AssertionFailureBuilder.java:151)
	at org.junit.jupiter.api.AssertionFailureBuilder.buildAndThrow(AssertionFailureBuilder.java:132)
	at org.junit.jupiter.api.AssertEquals.failNotEqual(AssertEquals.java:197)
	at org.junit.jupiter.api.AssertEquals.assertEquals(AssertEquals.java:150)
	at org.junit.jupiter.api.AssertEquals.assertEquals(AssertEquals.java:145)
	at org.junit.jupiter.api.Assertions.assertEquals(Assertions.java:531)
	at br.com.educacao.gamificada.domaintest.AlunoPremiumTest.deveReceberUmVoucherAoVirarPremium(AlunoPremiumTest.java:15)
	at java.base/java.lang.reflect.Method.invoke(Method.java:568)
	at java.base/java.util.ArrayList.forEach(ArrayList.java:1511)
	at java.base/java.util.ArrayList.forEach(ArrayList.java:1511)

[INFO] 
[INFO] Results:
[INFO] 
[ERROR] Failures: 
[ERROR]   AlunoControllerTest.bddUS02DevePersistirUmaRecompensaMesmoAposNovoCursoEDuplicata:176 No value at JSON path "$.vouchers"
[ERROR]   AlunoPremiumTest.deveConcederRecompensasNaPromocaoEManterAposOutroCurso:39 expected: <1> but was: <0>
[ERROR]   AlunoPremiumTest.deveReceberTresMoedasAoVirarPremium:22 expected: <3> but was: <0>
[ERROR]   AlunoPremiumTest.deveReceberUmVoucherAoVirarPremium:15 expected: <1> but was: <0>
[ERROR]   AlunoPremiumTest.naoDeveReceberRecompensaDuasVezes:32 expected: <1> but was: <0>
[INFO] 
[ERROR] Tests run: 20, Failures: 5, Errors: 0, Skipped: 0
[INFO] 
[INFO] ------------------------------------------------------------------------
[INFO] BUILD FAILURE
[INFO] ------------------------------------------------------------------------
[INFO] Total time:  15.725 s
[INFO] Finished at: 2026-09-14T08:53:26-03:00
[INFO] ------------------------------------------------------------------------
[ERROR] Failed to execute goal org.apache.maven.plugins:maven-surefire-plugin:3.5.6:test (default-test) on project educacao-gamificada: There are test failures.
[ERROR] 
[ERROR] See C:\Users\Gustavo\Downloads\educacao-gamificada-primeiros-commits\educacao-gamificada-primeiros-commits\projeto-git\target\surefire-reports for the individual test results.
[ERROR] See dump files (if any exist) [date].dump, [date]-jvmRun[N].dump and [date].dumpstream.
[ERROR] -> [Help 1]
[ERROR] 
[ERROR] To see the full stack trace of the errors, re-run Maven with the -e switch.
[ERROR] Re-run Maven using the -X switch to enable full debug logging.
[ERROR] 
[ERROR] For more information about the errors and possible solutions, please read the following articles:
[ERROR] [Help 1] http://cwiki.apache.org/confluence/display/MAVEN/MojoFailureException
